testcase 1 for arrays
3
4
3
[1, 3, 2]
[3, 2]
2
2
3
[1, 3]
4
[1]
[]
[1, 2, 3, 4, 5, 6]
[[1], [2], [3]]
testcase 2 for nested arrays
3
4
3
[[100], [200], [2]]
[[100], [200], [2], [4], [5], [6]]
testcase 3 for strings concatenation
13
16
17
Fasak Ayyindi Good Bye
s