Class<test>
Instance<test>
1
120
2
5
10
1
2
3
4
5
6
7
8
9
