[1;31mtypeCheckError[0m([96mline:[32m2[0m): Not matching the expected return type of the function
