testcase 1 for lists 
3 
4 
3 
2 
testcase 2 for nested lists 
3 
4 
3 
2 
