[1, 2, 3, 1, 2, 3]
[[1, 2, 3], [1, 2, 3]]
[[1, 2, 3]]
t
1est
[[1], [1, 2, 3]]
[1]
[1, 2, 3]
[1, 2]
length of a([1, 2]) = 2
length of 'abc' = 3
[1]
[1]
[1]
True
[1, 2]
[[2], [3]]
[[2]]
[1]
[2, 1]
[[1, 4], [2]]
[1]
[[1, 4]]
[1;31mindexError[0m([96mline:[32m109[0m): Index out of bounds
